
> tree-surgeon@0.0.1 build
> astro build

[2m02:26:55[22m [34m[content][39m Syncing content
[2m02:26:55[22m [34m[content][39m Synced content
[2m02:26:55[22m [34m[types][39m Generated [2m135ms[22m
[2m02:26:55[22m [34m[build][39m output: [34m"static"[39m
[2m02:26:55[22m [34m[build][39m mode: [34m"static"[39m
[2m02:26:55[22m [34m[build][39m directory: [34mC:\Users\nicol\OneDrive\Desktop\the websites\trades\tree surgeon\dist\[39m
[2m02:26:55[22m [34m[build][39m Collecting build info...
[2m02:26:55[22m [34m[build][39m [32mÔ£ô Completed in 206ms.[39m
[2m02:26:55[22m [34m[build][39m Building static entrypoints...
node.exe : [31m[1m
02:26:57[22m 
[ERROR] [vite][39m 
[31mÔ£ù[39m Build 
failed in 1.36s
At line:1 char:1
+ & "C:\Program File
s\nodejs/node.exe" "
C:\Users\nicol\AppDa
ta\Roaming\ ...
+ ~~~~~~~~~~~~~~~~~~
~~~~~~~~~~~~~~~~~~~~
~~~~~~~~~~~~~~~~~~~~
~~~~~~~~~~~
    + CategoryInfo  
            : NotS  
  pecified: ([31   
 m[1m02:26:...f    
ailed in 1.36s:    
String) [], Rem    
oteException
    + FullyQualifie 
   dErrorId : Nati  
  veCommandError
 
Unterminated string 
literal
  [1mLocation:[22m
    [4mC:/Users/nic
ol/OneDrive/Desktop/
the websites/trades/
tree surgeon/src/pag
es/admin/jobs.astro:
26:87[24m
  [1mStack 
trace:[22m
[2m    at 
failureErrorWithLog 
(C:\Users\nicol\OneD
rive\Desktop\the web
sites\trades\tree su
rgeon\node_modules\e
sbuild\lib\main.js:1
467:15)
    at responseCallb
acks.<computed> (C:\
Users\nicol\OneDrive
\Desktop\the website
s\trades\tree surgeo
n\node_modules\esbui
ld\lib\main.js:603:9
)
    at Socket.readFr
omStdout (C:\Users\n
icol\OneDrive\Deskto
p\the websites\trade
s\tree surgeon\node_
modules\esbuild\lib\
main.js:581:7)
    at addChunk (nod
e:internal/streams/r
eadable:561:12)
    at 
Readable.push (node:
internal/streams/rea
dable:392:5)[22m
